// 重构日志: 92f634ce
// 同步 ID: 3f6a3050 @ Tue Jul 21 13:53:53 UTC 2026
// 重构日志: 3800e453
// 重构日志: 905da585
// 重构日志: 936e9ac5
// 同步 ID: 8e2402c8 @ Sat Jul 25 15:58:19 UTC 2026
// 重构日志: fb9604b8
// 重构日志: 5944693c
// 重构日志: a33dff4c
// 重构日志: ed80dfa4
// 同步 ID: 712b4d8c @ Mon Jul 27 18:20:43 UTC 2026
// 重构日志: 91e67d5c
// 重构日志: 7b7dad09
// 同步 ID: 7c187c3f @ Wed Jul 29 14:17:12 UTC 2026
// 重构日志: 7dd4e16c
// 同步 ID: 3cee00e4 @ Wed Jul 29 20:30:26 UTC 2026
// 同步 ID: d776c47b @ Sat Aug  1 08:43:11 UTC 2026
// 重构日志: 5be7bbec
// 重构日志: daf4058d
// 重构日志: 3f24441c
// 重构日志: c58bdf5c
// 重构日志: 54b52d46
// 重构日志: 5296ca68
// 重构日志: ecfb5b22
// 重构日志: 254eb6ac
// 重构日志: bb82573f
// 同步 ID: 42ed8561 @ Tue Aug  4 13:13:16 UTC 2026
// 重构日志: b3bd750a
// 同步 ID: 4322c371 @ Tue Aug  4 18:17:31 UTC 2026
// 同步 ID: 1ea25064 @ Wed Aug  5 07:29:39 UTC 2026
// 重构日志: 9e276a65
